Reading package lists...
Building dependency tree...
Reading state information...
The following additional packages will be installed:
  adwaita-icon-theme at-spi2-common dbus-user-session dconf-gsettings-backend
  dconf-service gtk-update-icon-cache hicolor-icon-theme humanity-icon-theme
  libatk-bridge2.0-0t64 libatk1.0-0t64 libatspi2.0-0t64 libavahi-client3
  libavahi-common-data libavahi-common3 libcairo-gobject2 libcolord2
  libcups2t64 libdconf1 libdrm-amdgpu1 libdrm-common libdrm-intel1 libdrm2
  libepoxy0 libfreeimage3 libgbm1 libgdk-pixbuf-2.0-0 libgdk-pixbuf2.0-common
  libgit2-1.7 libgl1 libgl1-mesa-dri libglew2.2 libglu1-mesa libglvnd0
  libglx-mesa0 libglx0 libgtk-3-0t64 libgtk-3-common libhttp-parser2.9
  libhwloc15 libice6 libimagequant0 libimath-3-1-29t64 libjxr0t64 liblcms2-2
  libllvm20 libmbedcrypto7t64 libmbedtls14t64 libmbedx509-1t64 libngspice0
  libnng1 libnotify4 libocct-data-exchange-7.6t64 libocct-draw-7.6t64
  libocct-foundation-7.6t64 libocct-modeling-algorithms-7.6t64
  libocct-modeling-data-7.6t64 libocct-ocaf-7.6t64
  libocct-visualization-7.6t64 libopenexr-3-1-30 libopengl0 libopenjp2-7
  libpciaccess0 libprotobuf32t64 libraqm0 libraw23t64 libsensors-config
  libsensors5 libsm6 libssh2-1t64 libtbb12 libtbbbind-2-5 libtbbmalloc2
  libvulkan1 libwayland-client0 libwayland-cursor0 libwayland-egl1
  libwebpdemux2 libwebpmux3 libwxbase3.2-1t64 libwxgtk-gl3.2-1t64
  libwxgtk3.2-1t64 libx11-xcb1 libxcb-dri3-0 libxcb-glx0 libxcb-present0
  libxcb-randr0 libxcb-sync1 libxcb-xfixes0 libxcomposite1 libxcursor1
  libxdamage1 libxfixes3 libxi6 libxinerama1 libxkbcommon0 libxrandr2
  libxshmfence1 libxtst6 libxxf86vm1 mesa-libgallium occt-misc python3-pil
  python3-wxgtk4.0 shared-mime-info ubuntu-mono xkb-data
Suggested packages:
  extra-xdg-menus colord cups-common glew-utils gvfs libhwloc-contrib-plugins
  liblcms2-utils notification-daemon pciutils lm-sensors python-pil-doc
  wx3.2-doc
Recommended packages:
  librsvg2-common kicad-libraries kicad-doc-en kicad-demos unixodbc
  at-spi2-core libgdk-pixbuf2.0-bin libgtk-3-bin libhwloc-plugins
  mesa-vulkan-drivers | vulkan-icd python3-olefile
The following NEW packages will be installed:
  adwaita-icon-theme at-spi2-common dbus-user-session dconf-gsettings-backend
  dconf-service gtk-update-icon-cache hicolor-icon-theme humanity-icon-theme
  kicad libatk-bridge2.0-0t64 libatk1.0-0t64 libatspi2.0-0t64 libavahi-client3
  libavahi-common-data libavahi-common3 libcairo-gobject2 libcolord2
  libcups2t64 libdconf1 libdrm-amdgpu1 libdrm-common libdrm-intel1 libdrm2
  libepoxy0 libfreeimage3 libgbm1 libgdk-pixbuf-2.0-0 libgdk-pixbuf2.0-common
  libgit2-1.7 libgl1 libgl1-mesa-dri libglew2.2 libglu1-mesa libglvnd0
  libglx-mesa0 libglx0 libgtk-3-0t64 libgtk-3-common libhttp-parser2.9
  libhwloc15 libice6 libimagequant0 libimath-3-1-29t64 libjxr0t64 liblcms2-2
  libllvm20 libmbedcrypto7t64 libmbedtls14t64 libmbedx509-1t64 libngspice0
  libnng1 libnotify4 libocct-data-exchange-7.6t64 libocct-draw-7.6t64
  libocct-foundation-7.6t64 libocct-modeling-algorithms-7.6t64
  libocct-modeling-data-7.6t64 libocct-ocaf-7.6t64
  libocct-visualization-7.6t64 libopenexr-3-1-30 libopengl0 libopenjp2-7
  libpciaccess0 libprotobuf32t64 libraqm0 libraw23t64 libsensors-config
  libsensors5 libsm6 libssh2-1t64 libtbb12 libtbbbind-2-5 libtbbmalloc2
  libvulkan1 libwayland-client0 libwayland-cursor0 libwayland-egl1
  libwebpdemux2 libwebpmux3 libwxbase3.2-1t64 libwxgtk-gl3.2-1t64
  libwxgtk3.2-1t64 libx11-xcb1 libxcb-dri3-0 libxcb-glx0 libxcb-present0
  libxcb-randr0 libxcb-sync1 libxcb-xfixes0 libxcomposite1 libxcursor1
  libxdamage1 libxfixes3 libxi6 libxinerama1 libxkbcommon0 libxrandr2
  libxshmfence1 libxtst6 libxxf86vm1 mesa-libgallium occt-misc python3-pil
  python3-wxgtk4.0 shared-mime-info ubuntu-mono xkb-data
0 upgraded, 107 newly installed, 0 to remove and 51 not upgraded.
Need to get 105 MB/142 MB of archives.
After this operation, 617 MB of additional disk space will be used.
Get:1 /tmp/eda004b/kicad_9.0.9_amd64.deb kicad amd64 9.0.9~ubuntu24.04.1 [37.0 MB]
Get:2 https://archive.ubuntu.com/ubuntu noble-updates/main amd64 dbus-user-session amd64 1.14.10-4ubuntu4.1 [9968 B]
Get:3 https://archive.ubuntu.com/ubuntu noble/main amd64 shared-mime-info amd64 2.4-4 [474 kB]
Get:4 https://archive.ubuntu.com/ubuntu noble-updates/main amd64 xkb-data all 2.41-2ubuntu1.1 [397 kB]
Get:5 https://archive.ubuntu.com/ubuntu noble-updates/main amd64 libdrm-common all 2.4.125-1ubuntu0.1~24.04.2 [9250 B]
Get:6 https://archive.ubuntu.com/ubuntu noble-updates/main amd64 libdrm2 amd64 2.4.125-1ubuntu0.1~24.04.2 [41.4 kB]
Get:7 https://archive.ubuntu.com/ubuntu noble/main amd64 libsensors-config all 1:3.6.0-9build1 [5546 B]
Get:8 https://archive.ubuntu.com/ubuntu noble/main amd64 libsensors5 amd64 1:3.6.0-9build1 [26.6 kB]
Get:9 https://archive.ubuntu.com/ubuntu noble/main amd64 libxkbcommon0 amd64 1.6.0-1build1 [122 kB]
Get:10 https://archive.ubuntu.com/ubuntu noble-updates/main amd64 libgdk-pixbuf2.0-common all 2.42.10+dfsg-3ubuntu3.3 [8302 B]
Get:11 https://archive.ubuntu.com/ubuntu noble-updates/main amd64 libgdk-pixbuf-2.0-0 amd64 2.42.10+dfsg-3ubuntu3.3 [147 kB]
Get:12 https://archive.ubuntu.com/ubuntu noble-updates/main amd64 gtk-update-icon-cache amd64 3.24.41-4ubuntu1.3 [51.9 kB]
Get:13 https://archive.ubuntu.com/ubuntu noble/main amd64 hicolor-icon-theme all 0.17-2 [9976 B]
Get:14 https://archive.ubuntu.com/ubuntu noble/main amd64 humanity-icon-theme all 0.6.16 [1282 kB]
Get:15 https://archive.ubuntu.com/ubuntu noble/main amd64 ubuntu-mono all 24.04-0ubuntu1 [151 kB]
Get:16 https://archive.ubuntu.com/ubuntu noble/main amd64 adwaita-icon-theme all 46.0-1 [723 kB]
Get:17 https://archive.ubuntu.com/ubuntu noble/main amd64 at-spi2-common all 2.52.0-1build1 [8674 B]
Get:18 https://archive.ubuntu.com/ubuntu noble-updates/main amd64 libdconf1 amd64 0.40.0-4ubuntu0.1 [39.6 kB]
Get:19 https://archive.ubuntu.com/ubuntu noble-updates/main amd64 dconf-service amd64 0.40.0-4ubuntu0.1 [27.6 kB]
Get:20 https://archive.ubuntu.com/ubuntu noble-updates/main amd64 dconf-gsettings-backend amd64 0.40.0-4ubuntu0.1 [22.1 kB]
Get:21 https://archive.ubuntu.com/ubuntu noble/main amd64 libhttp-parser2.9 amd64 2.9.4-6build1 [22.3 kB]
Get:22 https://archive.ubuntu.com/ubuntu noble-updates/main amd64 libssh2-1t64 amd64 1.11.0-4.1ubuntu0.24.04.4 [121 kB]
Get:23 https://archive.ubuntu.com/ubuntu noble-updates/main amd64 libgit2-1.7 amd64 1.7.2+ds-1ubuntu3.2 [529 kB]
Get:24 https://archive.ubuntu.com/ubuntu noble/main amd64 libglvnd0 amd64 1.7.0-1build1 [69.6 kB]
Get:25 https://archive.ubuntu.com/ubuntu noble/main amd64 libx11-xcb1 amd64 2:1.8.7-1build1 [7800 B]
Get:26 https://archive.ubuntu.com/ubuntu noble/main amd64 libxcb-dri3-0 amd64 1.15-1ubuntu2 [7142 B]
Get:27 https://archive.ubuntu.com/ubuntu noble/main amd64 libxcb-glx0 amd64 1.15-1ubuntu2 [24.8 kB]
Get:28 https://archive.ubuntu.com/ubuntu noble/main amd64 libxcb-present0 amd64 1.15-1ubuntu2 [5676 B]
Get:29 https://archive.ubuntu.com/ubuntu noble/main amd64 libxcb-xfixes0 amd64 1.15-1ubuntu2 [10.2 kB]
Get:30 https://archive.ubuntu.com/ubuntu noble/main amd64 libxxf86vm1 amd64 1:1.1.4-1build4 [9282 B]
Get:31 https://archive.ubuntu.com/ubuntu noble-updates/main amd64 libdrm-amdgpu1 amd64 2.4.125-1ubuntu0.1~24.04.2 [21.4 kB]
Get:32 https://archive.ubuntu.com/ubuntu noble-updates/main amd64 libpciaccess0 amd64 0.17-3ubuntu0.24.04.3 [19.2 kB]
Get:33 https://archive.ubuntu.com/ubuntu noble-updates/main amd64 libdrm-intel1 amd64 2.4.125-1ubuntu0.1~24.04.2 [63.9 kB]
Get:34 https://archive.ubuntu.com/ubuntu noble-updates/main amd64 libllvm20 amd64 1:20.1.2-0ubuntu1~24.04.3 [30.6 MB]
Get:35 https://archive.ubuntu.com/ubuntu noble/main amd64 libxcb-randr0 amd64 1.15-1ubuntu2 [17.9 kB]
Get:36 https://archive.ubuntu.com/ubuntu noble/main amd64 libxcb-sync1 amd64 1.15-1ubuntu2 [9312 B]
Get:37 https://archive.ubuntu.com/ubuntu noble/main amd64 libxshmfence1 amd64 1.3-1build5 [4764 B]
Get:38 https://archive.ubuntu.com/ubuntu noble-updates/main amd64 mesa-libgallium amd64 25.2.8-0ubuntu0.24.04.4 [10.8 MB]
Get:39 https://archive.ubuntu.com/ubuntu noble-updates/main amd64 libgbm1 amd64 25.2.8-0ubuntu0.24.04.4 [34.2 kB]
Get:40 https://archive.ubuntu.com/ubuntu noble/main amd64 libvulkan1 amd64 1.3.275.0-1build1 [142 kB]
Get:41 https://archive.ubuntu.com/ubuntu noble-updates/main amd64 libgl1-mesa-dri amd64 25.2.8-0ubuntu0.24.04.4 [38.0 kB]
Get:42 https://archive.ubuntu.com/ubuntu noble-updates/main amd64 libglx-mesa0 amd64 25.2.8-0ubuntu0.24.04.4 [110 kB]
Get:43 https://archive.ubuntu.com/ubuntu noble/main amd64 libglx0 amd64 1.7.0-1build1 [38.6 kB]
Get:44 https://archive.ubuntu.com/ubuntu noble/main amd64 libgl1 amd64 1.7.0-1build1 [102 kB]
Get:45 https://archive.ubuntu.com/ubuntu noble/universe amd64 libglew2.2 amd64 2.2.0-4build1 [187 kB]
Get:46 https://archive.ubuntu.com/ubuntu noble/main amd64 libopengl0 amd64 1.7.0-1build1 [32.8 kB]
Get:47 https://archive.ubuntu.com/ubuntu noble/main amd64 libglu1-mesa amd64 9.0.2-1.1build1 [152 kB]
Get:48 https://archive.ubuntu.com/ubuntu noble/main amd64 libatk1.0-0t64 amd64 2.52.0-1build1 [55.3 kB]
Get:49 https://archive.ubuntu.com/ubuntu noble/main amd64 libxi6 amd64 2:1.8.1-1build1 [32.4 kB]
Get:50 https://archive.ubuntu.com/ubuntu noble/main amd64 libatspi2.0-0t64 amd64 2.52.0-1build1 [80.5 kB]
Get:51 https://archive.ubuntu.com/ubuntu noble/main amd64 libatk-bridge2.0-0t64 amd64 2.52.0-1build1 [66.0 kB]
Get:52 https://archive.ubuntu.com/ubuntu noble/main amd64 libcairo-gobject2 amd64 1.18.0-3build1 [127 kB]
Get:53 https://archive.ubuntu.com/ubuntu noble-updates/main amd64 liblcms2-2 amd64 2.14-2ubuntu0.1 [161 kB]
Get:54 https://archive.ubuntu.com/ubuntu noble/main amd64 libcolord2 amd64 1.4.7-1build2 [149 kB]
Get:55 https://archive.ubuntu.com/ubuntu noble-updates/main amd64 libavahi-common-data amd64 0.8-13ubuntu6.2 [30.1 kB]
Get:56 https://archive.ubuntu.com/ubuntu noble-updates/main amd64 libavahi-common3 amd64 0.8-13ubuntu6.2 [23.4 kB]
Get:57 https://archive.ubuntu.com/ubuntu noble-updates/main amd64 libavahi-client3 amd64 0.8-13ubuntu6.2 [26.8 kB]
Get:58 https://archive.ubuntu.com/ubuntu noble-updates/main amd64 libcups2t64 amd64 2.4.7-1.2ubuntu7.14 [274 kB]
Get:59 https://archive.ubuntu.com/ubuntu noble/main amd64 libepoxy0 amd64 1.5.10-1build1 [220 kB]
Get:60 https://archive.ubuntu.com/ubuntu noble/main amd64 libwayland-client0 amd64 1.22.0-2.1build1 [26.4 kB]
Get:61 https://archive.ubuntu.com/ubuntu noble/main amd64 libwayland-cursor0 amd64 1.22.0-2.1build1 [10.4 kB]
Get:62 https://archive.ubuntu.com/ubuntu noble/main amd64 libwayland-egl1 amd64 1.22.0-2.1build1 [5628 B]
Get:63 https://archive.ubuntu.com/ubuntu noble/main amd64 libxcomposite1 amd64 1:0.4.5-1build3 [6320 B]
Get:64 https://archive.ubuntu.com/ubuntu noble/main amd64 libxfixes3 amd64 1:6.0.0-2build1 [10.8 kB]
Get:65 https://archive.ubuntu.com/ubuntu noble/main amd64 libxcursor1 amd64 1:1.2.1-1build1 [20.7 kB]
Get:66 https://archive.ubuntu.com/ubuntu noble/main amd64 libxdamage1 amd64 1:1.1.6-1build1 [6150 B]
Get:67 https://archive.ubuntu.com/ubuntu noble/main amd64 libxinerama1 amd64 2:1.1.4-3build1 [6396 B]
Get:68 https://archive.ubuntu.com/ubuntu noble/main amd64 libxrandr2 amd64 2:1.5.2-2build1 [19.7 kB]
Get:69 https://archive.ubuntu.com/ubuntu noble-updates/main amd64 libgtk-3-common all 3.24.41-4ubuntu1.3 [1426 kB]
Get:70 https://archive.ubuntu.com/ubuntu noble-updates/main amd64 libgtk-3-0t64 amd64 3.24.41-4ubuntu1.3 [2913 kB]
Get:71 https://archive.ubuntu.com/ubuntu noble/universe amd64 libmbedcrypto7t64 amd64 2.28.8-1 [209 kB]
Get:72 https://archive.ubuntu.com/ubuntu noble/universe amd64 libmbedx509-1t64 amd64 2.28.8-1 [46.6 kB]
Get:73 https://archive.ubuntu.com/ubuntu noble/universe amd64 libmbedtls14t64 amd64 2.28.8-1 [82.2 kB]
Get:74 https://archive.ubuntu.com/ubuntu noble/universe amd64 libnng1 amd64 1.7.2-1build2 [163 kB]
Get:75 https://archive.ubuntu.com/ubuntu noble/universe amd64 libtbbmalloc2 amd64 2021.11.0-2ubuntu2 [60.5 kB]
Get:76 https://archive.ubuntu.com/ubuntu noble/universe amd64 libhwloc15 amd64 2.10.0-1build1 [172 kB]
Get:77 https://archive.ubuntu.com/ubuntu noble/universe amd64 libtbbbind-2-5 amd64 2021.11.0-2ubuntu2 [16.4 kB]
Get:78 https://archive.ubuntu.com/ubuntu noble/universe amd64 libtbb12 amd64 2021.11.0-2ubuntu2 [106 kB]
Get:79 https://archive.ubuntu.com/ubuntu noble/universe amd64 libocct-foundation-7.6t64 amd64 7.6.3+dfsg1-7.1build1 [1435 kB]
Get:80 https://archive.ubuntu.com/ubuntu noble/universe amd64 libocct-modeling-data-7.6t64 amd64 7.6.3+dfsg1-7.1build1 [2635 kB]
Get:81 https://archive.ubuntu.com/ubuntu noble/universe amd64 libocct-modeling-algorithms-7.6t64 amd64 7.6.3+dfsg1-7.1build1 [7002 kB]
Get:82 https://archive.ubuntu.com/ubuntu noble/universe amd64 libimath-3-1-29t64 amd64 3.1.9-3.1ubuntu2 [72.2 kB]
Get:83 https://archive.ubuntu.com/ubuntu noble/universe amd64 libjxr0t64 amd64 1.2~git20170615.f752187-5.1ubuntu2 [181 kB]
Get:84 https://archive.ubuntu.com/ubuntu noble/universe amd64 libopenexr-3-1-30 amd64 3.1.5-5.1build3 [1004 kB]
Get:85 https://archive.ubuntu.com/ubuntu noble-updates/main amd64 libopenjp2-7 amd64 2.5.0-2ubuntu0.5 [174 kB]
Get:86 https://archive.ubuntu.com/ubuntu noble-updates/main amd64 libraw23t64 amd64 0.21.2-2.1ubuntu0.24.04.2 [379 kB]
Get:87 https://archive.ubuntu.com/ubuntu noble/main amd64 libwebpmux3 amd64 1.3.2-0.4build3 [25.7 kB]
Get:88 https://archive.ubuntu.com/ubuntu noble/universe amd64 libfreeimage3 amd64 3.18.0+ds2-10build4 [297 kB]
Get:89 https://archive.ubuntu.com/ubuntu noble/universe amd64 libocct-draw-7.6t64 amd64 7.6.3+dfsg1-7.1build1 [2278 kB]
Get:90 https://archive.ubuntu.com/ubuntu noble/universe amd64 occt-misc all 7.6.3+dfsg1-7.1build1 [11.5 MB]
Get:91 https://archive.ubuntu.com/ubuntu noble/universe amd64 libocct-visualization-7.6t64 amd64 7.6.3+dfsg1-7.1build1 [1988 kB]
Get:92 https://archive.ubuntu.com/ubuntu noble/universe amd64 libocct-ocaf-7.6t64 amd64 7.6.3+dfsg1-7.1build1 [1138 kB]
Get:93 https://archive.ubuntu.com/ubuntu noble/universe amd64 libocct-data-exchange-7.6t64 amd64 7.6.3+dfsg1-7.1build1 [4231 kB]
Get:94 https://archive.ubuntu.com/ubuntu noble-updates/main amd64 libprotobuf32t64 amd64 3.21.12-8.2ubuntu0.3 [923 kB]
Get:95 https://archive.ubuntu.com/ubuntu noble/universe amd64 libwxbase3.2-1t64 amd64 3.2.4+dfsg-4build1 [899 kB]
Get:96 https://archive.ubuntu.com/ubuntu noble/main amd64 libnotify4 amd64 0.8.3-1build2 [25.6 kB]
Get:97 https://archive.ubuntu.com/ubuntu noble/main amd64 libice6 amd64 2:1.0.10-1build3 [41.4 kB]
Get:98 https://archive.ubuntu.com/ubuntu noble/main amd64 libsm6 amd64 2:1.2.3-1build3 [15.7 kB]
Get:99 https://archive.ubuntu.com/ubuntu noble/main amd64 libxtst6 amd64 2:1.2.3-1.1build1 [12.6 kB]
Get:100 https://archive.ubuntu.com/ubuntu noble/universe amd64 libwxgtk3.2-1t64 amd64 3.2.4+dfsg-4build1 [4535 kB]
Get:101 https://archive.ubuntu.com/ubuntu noble/universe amd64 libwxgtk-gl3.2-1t64 amd64 3.2.4+dfsg-4build1 [52.3 kB]
Get:102 https://archive.ubuntu.com/ubuntu noble/universe amd64 libngspice0 amd64 42+ds-3build1 [2531 kB]
Get:103 https://archive.ubuntu.com/ubuntu noble/main amd64 libimagequant0 amd64 2.18.0-1build1 [36.3 kB]
Get:104 https://archive.ubuntu.com/ubuntu noble/main amd64 libraqm0 amd64 0.10.1-1build1 [15.0 kB]
Get:105 https://archive.ubuntu.com/ubuntu noble/main amd64 libwebpdemux2 amd64 1.3.2-0.4build3 [12.4 kB]
Get:106 https://archive.ubuntu.com/ubuntu noble-updates/main amd64 python3-pil amd64 10.2.0-1ubuntu1.3 [452 kB]
Get:107 https://archive.ubuntu.com/ubuntu noble/universe amd64 python3-wxgtk4.0 amd64 4.2.1+dfsg-3build2 [7653 kB]
Fetched 105 MB in 13s (8265 kB/s)
Download complete and in download only mode
